0 verbose cli /usr/local/Cellar/node/24.2.0/bin/node /usr/local/bin/npm
1 info using npm@11.3.0
2 info using node@v24.2.0
3 silly config load:file:/usr/local/Cellar/node/24.2.0/libexec/lib/node_modules/npm/npmrc
4 silly config load:file:/Users/Natech/Downloads/development/DailyOS/.npmrc
5 silly config load:file:/Users/Natech/.npmrc
6 verbose config error loading user config Error: EPERM: operation not permitted, open '/Users/Natech/.npmrc'
6 verbose config     at async open (node:internal/fs/promises:640:25)
6 verbose config     at async readFile (node:internal/fs/promises:1244:14)
6 verbose config     at async #loadFile (/usr/local/Cellar/node/24.2.0/libexec/lib/node_modules/npm/node_modules/@npmcli/config/lib/index.js:635:5)
6 verbose config     at async Config.load (/usr/local/Cellar/node/24.2.0/libexec/lib/node_modules/npm/node_modules/@npmcli/config/lib/index.js:259:5)
6 verbose config     at async #load (/usr/local/Cellar/node/24.2.0/libexec/lib/node_modules/npm/lib/npm.js:99:5)
6 verbose config     at async Npm.load (/usr/local/Cellar/node/24.2.0/libexec/lib/node_modules/npm/lib/npm.js:81:14)
6 verbose config     at async module.exports (/usr/local/Cellar/node/24.2.0/libexec/lib/node_modules/npm/lib/cli/entry.js:35:37) {
6 verbose config   errno: -1,
6 verbose config   code: 'EPERM',
6 verbose config   syscall: 'open',
6 verbose config   path: '/Users/Natech/.npmrc'
6 verbose config }
7 silly config load:file:/usr/local/Cellar/node/24.2.0/etc/npmrc
8 verbose title npm install
9 verbose argv "install" "--cache" "./npm-cache"
10 verbose logfile logs-max:10 dir:/Users/Natech/Downloads/development/DailyOS/npm-cache/_logs/2026-09-12T20_57_10_683Z-
11 verbose logfile /Users/Natech/Downloads/development/DailyOS/npm-cache/_logs/2026-09-12T20_57_10_683Z-debug-0.log
12 silly logfile done cleaning log files
13 http fetch GET https://registry.npmjs.org/npm attempt 1 failed with ENOTFOUND
14 silly packumentCache heap:2348810240 maxSize:587202560 maxEntrySize:293601280
15 silly idealTree buildDeps
16 silly fetch manifest @google/genai@^0.1.1
17 silly packumentCache full:https://registry.npmjs.org/@google%2fgenai cache-miss
18 http fetch GET https://registry.npmjs.org/@google%2fgenai attempt 1 failed with ENOTFOUND
19 http fetch GET https://registry.npmjs.org/npm attempt 2 failed with ENOTFOUND
20 http fetch GET https://registry.npmjs.org/@google%2fgenai attempt 2 failed with ENOTFOUND
21 http fetch GET https://registry.npmjs.org/npm attempt 3 failed with ENOTFOUND
22 http fetch GET https://registry.npmjs.org/@google%2fgenai attempt 3 failed with ENOTFOUND
23 silly fetch manifest @supabase/supabase-js@^2.48.1
24 silly packumentCache full:https://registry.npmjs.org/@supabase%2fsupabase-js cache-miss
25 http fetch GET https://registry.npmjs.org/@supabase%2fsupabase-js attempt 1 failed with ENOTFOUND
26 http fetch GET https://registry.npmjs.org/@supabase%2fsupabase-js attempt 2 failed with ENOTFOUND
27 http fetch GET https://registry.npmjs.org/@supabase%2fsupabase-js attempt 3 failed with ENOTFOUND
28 silly fetch manifest better-sqlite3@^11.8.1
29 silly packumentCache full:https://registry.npmjs.org/better-sqlite3 cache-miss
30 http fetch GET https://registry.npmjs.org/better-sqlite3 attempt 1 failed with ENOTFOUND
31 http fetch GET https://registry.npmjs.org/better-sqlite3 attempt 2 failed with ENOTFOUND
32 http fetch GET https://registry.npmjs.org/better-sqlite3 attempt 3 failed with ENOTFOUND
33 silly fetch manifest clsx@^2.1.1
34 silly packumentCache full:https://registry.npmjs.org/clsx cache-miss
35 http fetch GET https://registry.npmjs.org/clsx attempt 1 failed with ENOTFOUND
36 http fetch GET https://registry.npmjs.org/clsx attempt 2 failed with ENOTFOUND
37 http fetch GET https://registry.npmjs.org/clsx attempt 3 failed with ENOTFOUND
38 silly fetch manifest cors@^2.8.5
39 silly packumentCache full:https://registry.npmjs.org/cors cache-miss
40 http fetch GET https://registry.npmjs.org/cors attempt 1 failed with ENOTFOUND
41 http fetch GET https://registry.npmjs.org/cors attempt 2 failed with ENOTFOUND
42 http fetch GET https://registry.npmjs.org/cors attempt 3 failed with ENOTFOUND
43 silly fetch manifest dotenv@^16.4.7
44 silly packumentCache full:https://registry.npmjs.org/dotenv cache-miss
45 http fetch GET https://registry.npmjs.org/dotenv attempt 1 failed with ENOTFOUND
46 http fetch GET https://registry.npmjs.org/dotenv attempt 2 failed with ENOTFOUND
47 http fetch GET https://registry.npmjs.org/dotenv attempt 3 failed with ENOTFOUND
48 silly fetch manifest express@^4.21.2
49 silly packumentCache full:https://registry.npmjs.org/express cache-miss
50 http fetch GET https://registry.npmjs.org/express attempt 1 failed with ENOTFOUND
51 http fetch GET https://registry.npmjs.org/express attempt 2 failed with ENOTFOUND
52 http fetch GET https://registry.npmjs.org/express attempt 3 failed with ENOTFOUND
53 silly fetch manifest lucide-react@^0.475.0
54 silly packumentCache full:https://registry.npmjs.org/lucide-react cache-miss
55 http fetch GET https://registry.npmjs.org/lucide-react attempt 1 failed with ENOTFOUND
56 http fetch GET https://registry.npmjs.org/lucide-react attempt 2 failed with ENOTFOUND
57 http fetch GET https://registry.npmjs.org/lucide-react attempt 3 failed with ENOTFOUND
58 silly fetch manifest node-cron@^3.0.3
59 silly packumentCache full:https://registry.npmjs.org/node-cron cache-miss
60 http fetch GET https://registry.npmjs.org/node-cron attempt 1 failed with ENOTFOUND
61 http fetch GET https://registry.npmjs.org/node-cron attempt 2 failed with ENOTFOUND
62 http fetch GET https://registry.npmjs.org/node-cron attempt 3 failed with ENOTFOUND
63 silly fetch manifest react@^19.0.0
64 silly packumentCache full:https://registry.npmjs.org/react cache-miss
65 http fetch GET https://registry.npmjs.org/react attempt 1 failed with ENOTFOUND
66 http fetch GET https://registry.npmjs.org/react attempt 2 failed with ENOTFOUND
67 http fetch GET https://registry.npmjs.org/react attempt 3 failed with ENOTFOUND
68 silly fetch manifest react-dom@^19.0.0
69 silly packumentCache full:https://registry.npmjs.org/react-dom cache-miss
70 http fetch GET https://registry.npmjs.org/react-dom attempt 1 failed with ENOTFOUND
71 http fetch GET https://registry.npmjs.org/react-dom attempt 2 failed with ENOTFOUND
72 http fetch GET https://registry.npmjs.org/react-dom attempt 3 failed with ENOTFOUND
73 silly fetch manifest recharts@^2.15.1
74 silly packumentCache full:https://registry.npmjs.org/recharts cache-miss
75 http fetch GET https://registry.npmjs.org/recharts attempt 1 failed with ENOTFOUND
76 http fetch GET https://registry.npmjs.org/recharts attempt 2 failed with ENOTFOUND
77 http fetch GET https://registry.npmjs.org/recharts attempt 3 failed with ENOTFOUND
78 silly fetch manifest tailwind-merge@^3.0.1
79 silly packumentCache full:https://registry.npmjs.org/tailwind-merge cache-miss
80 http fetch GET https://registry.npmjs.org/tailwind-merge attempt 1 failed with ENOTFOUND
81 http fetch GET https://registry.npmjs.org/tailwind-merge attempt 2 failed with ENOTFOUND
82 http fetch GET https://registry.npmjs.org/tailwind-merge attempt 3 failed with ENOTFOUND
83 silly fetch manifest @vitejs/plugin-react@^4.3.4
84 silly packumentCache full:https://registry.npmjs.org/@vitejs%2fplugin-react cache-miss
85 http fetch GET https://registry.npmjs.org/@vitejs%2fplugin-react attempt 1 failed with ENOTFOUND
86 http fetch GET https://registry.npmjs.org/@vitejs%2fplugin-react attempt 2 failed with ENOTFOUND
87 http fetch GET https://registry.npmjs.org/@vitejs%2fplugin-react attempt 3 failed with ENOTFOUND
88 silly fetch manifest autoprefixer@^10.4.20
89 silly packumentCache full:https://registry.npmjs.org/autoprefixer cache-miss
90 http fetch GET https://registry.npmjs.org/autoprefixer attempt 1 failed with ENOTFOUND
91 http fetch GET https://registry.npmjs.org/autoprefixer attempt 2 failed with ENOTFOUND
92 http fetch GET https://registry.npmjs.org/autoprefixer attempt 3 failed with ENOTFOUND
93 silly fetch manifest nodemon@^3.1.9
94 silly packumentCache full:https://registry.npmjs.org/nodemon cache-miss
95 http fetch GET https://registry.npmjs.org/nodemon attempt 1 failed with ENOTFOUND
96 http fetch GET https://registry.npmjs.org/nodemon attempt 2 failed with ENOTFOUND
97 http fetch GET https://registry.npmjs.org/nodemon attempt 3 failed with ENOTFOUND
98 silly fetch manifest postcss@^8.5.2
99 silly packumentCache full:https://registry.npmjs.org/postcss cache-miss
100 http fetch GET https://registry.npmjs.org/postcss attempt 1 failed with ENOTFOUND
101 http fetch GET https://registry.npmjs.org/postcss attempt 2 failed with ENOTFOUND
102 http fetch GET https://registry.npmjs.org/postcss attempt 3 failed with ENOTFOUND
103 silly fetch manifest tailwindcss@^3.4.17
104 silly packumentCache full:https://registry.npmjs.org/tailwindcss cache-miss
105 http fetch GET https://registry.npmjs.org/tailwindcss attempt 1 failed with ENOTFOUND
106 http fetch GET https://registry.npmjs.org/tailwindcss attempt 2 failed with ENOTFOUND
107 http fetch GET https://registry.npmjs.org/tailwindcss attempt 3 failed with ENOTFOUND
108 silly fetch manifest vite@^6.1.0
109 silly packumentCache full:https://registry.npmjs.org/vite cache-miss
110 http fetch GET https://registry.npmjs.org/vite attempt 1 failed with ENOTFOUND
111 http fetch GET https://registry.npmjs.org/vite attempt 2 failed with ENOTFOUND
112 http fetch GET https://registry.npmjs.org/vite attempt 3 failed with ENOTFOUND
113 silly placeDep ROOT @google/genai@ OK for: daily-os@1.0.0 want: ^0.1.1
114 silly placeDep ROOT @supabase/supabase-js@ OK for: daily-os@1.0.0 want: ^2.48.1
115 silly placeDep ROOT @vitejs/plugin-react@ OK for: daily-os@1.0.0 want: ^4.3.4
116 silly placeDep ROOT autoprefixer@ OK for: daily-os@1.0.0 want: ^10.4.20
117 silly placeDep ROOT better-sqlite3@ OK for: daily-os@1.0.0 want: ^11.8.1
118 silly placeDep ROOT clsx@ OK for: daily-os@1.0.0 want: ^2.1.1
119 silly placeDep ROOT cors@ OK for: daily-os@1.0.0 want: ^2.8.5
120 silly placeDep ROOT dotenv@ OK for: daily-os@1.0.0 want: ^16.4.7
121 silly placeDep ROOT express@ OK for: daily-os@1.0.0 want: ^4.21.2
122 silly placeDep ROOT lucide-react@ OK for: daily-os@1.0.0 want: ^0.475.0
123 silly placeDep ROOT node-cron@ OK for: daily-os@1.0.0 want: ^3.0.3
124 silly placeDep ROOT nodemon@ OK for: daily-os@1.0.0 want: ^3.1.9
125 silly placeDep ROOT postcss@ OK for: daily-os@1.0.0 want: ^8.5.2
126 silly placeDep ROOT react@ OK for: daily-os@1.0.0 want: ^19.0.0
127 silly placeDep ROOT react-dom@ OK for: daily-os@1.0.0 want: ^19.0.0
128 silly placeDep ROOT recharts@ OK for: daily-os@1.0.0 want: ^2.15.1
129 silly placeDep ROOT tailwind-merge@ OK for: daily-os@1.0.0 want: ^3.0.1
130 silly placeDep ROOT tailwindcss@ OK for: daily-os@1.0.0 want: ^3.4.17
131 silly placeDep ROOT vite@ OK for: daily-os@1.0.0 want: ^6.1.0
132 verbose type system
133 verbose stack FetchError: request to https://registry.npmjs.org/@google%2fgenai failed, reason: getaddrinfo ENOTFOUND registry.npmjs.org
133 verbose stack     at ClientRequest.<anonymous> (/usr/local/Cellar/node/24.2.0/libexec/lib/node_modules/npm/node_modules/minipass-fetch/lib/index.js:130:14)
133 verbose stack     at ClientRequest.emit (node:events:507:28)
133 verbose stack     at emitErrorEvent (node:_http_client:104:11)
133 verbose stack     at _destroy (node:_http_client:898:9)
133 verbose stack     at onSocketNT (node:_http_client:918:5)
133 verbose stack     at process.processTicksAndRejections (node:internal/process/task_queues:91:21)
134 error code ENOTFOUND
135 error syscall getaddrinfo
136 error errno ENOTFOUND
137 error network request to https://registry.npmjs.org/@google%2fgenai failed, reason: getaddrinfo ENOTFOUND registry.npmjs.org
138 error network This is a problem related to network connectivity.
138 error network In most cases you are behind a proxy or have bad network settings.
138 error network
138 error network If you are behind a proxy, please make sure that the
138 error network 'proxy' config is set properly.  See: 'npm help config'
139 silly unfinished npm timer reify 1789246631768
140 silly unfinished npm timer reify:loadTrees 1789246631769
141 verbose cwd /Users/Natech/Downloads/development/DailyOS
142 verbose os Darwin 22.6.0
143 verbose node v24.2.0
144 verbose npm  v11.3.0
145 verbose exit 1
146 verbose code 1
147 error A complete log of this run can be found in: /Users/Natech/Downloads/development/DailyOS/npm-cache/_logs/2026-09-12T20_57_10_683Z-debug-0.log
