0 verbose cli /usr/local/Cellar/node/24.2.0/bin/node /usr/local/Cellar/node/24.2.0/libexec/lib/node_modules/npm/bin/npm-cli.js
1 info using npm@11.3.0
2 info using node@v24.2.0
3 silly config load:file:/usr/local/Cellar/node/24.2.0/libexec/lib/node_modules/npm/npmrc
4 silly config load:file:/Users/Natech/Downloads/development/DailyOS/.npmrc
5 silly config load:file:/Users/Natech/.npmrc
6 verbose config error loading user config Error: EPERM: operation not permitted, open '/Users/Natech/.npmrc'
6 verbose config     at async open (node:internal/fs/promises:640:25)
6 verbose config     at async readFile (node:internal/fs/promises:1244:14)
6 verbose config     at async #loadFile (/usr/local/Cellar/node/24.2.0/libexec/lib/node_modules/npm/node_modules/@npmcli/config/lib/index.js:635:5)
6 verbose config     at async Config.load (/usr/local/Cellar/node/24.2.0/libexec/lib/node_modules/npm/node_modules/@npmcli/config/lib/index.js:259:5)
6 verbose config     at async #load (/usr/local/Cellar/node/24.2.0/libexec/lib/node_modules/npm/lib/npm.js:99:5)
6 verbose config     at async Npm.load (/usr/local/Cellar/node/24.2.0/libexec/lib/node_modules/npm/lib/npm.js:81:14)
6 verbose config     at async module.exports (/usr/local/Cellar/node/24.2.0/libexec/lib/node_modules/npm/lib/cli/entry.js:35:37) {
6 verbose config   errno: -1,
6 verbose config   code: 'EPERM',
6 verbose config   syscall: 'open',
6 verbose config   path: '/Users/Natech/.npmrc'
6 verbose config }
7 silly config load:file:/usr/local/Cellar/node/24.2.0/etc/npmrc
8 verbose title npm exec vite build
9 verbose argv "exec" "--" "vite" "build"
10 verbose logfile logs-max:10 dir:/Users/Natech/Downloads/development/DailyOS/.npm-cache/_logs/2026-09-12T22_11_35_340Z-
11 verbose logfile /Users/Natech/Downloads/development/DailyOS/.npm-cache/_logs/2026-09-12T22_11_35_340Z-debug-0.log
12 silly logfile done cleaning log files
13 silly packumentCache heap:2348810240 maxSize:587202560 maxEntrySize:293601280
14 http fetch GET https://registry.npmjs.org/vite attempt 1 failed with ENOTFOUND
15 http fetch GET https://registry.npmjs.org/vite attempt 2 failed with ENOTFOUND
16 http fetch GET https://registry.npmjs.org/vite attempt 3 failed with ENOTFOUND
17 verbose type system
18 verbose stack FetchError: request to https://registry.npmjs.org/vite failed, reason: getaddrinfo ENOTFOUND registry.npmjs.org
18 verbose stack     at ClientRequest.<anonymous> (/usr/local/Cellar/node/24.2.0/libexec/lib/node_modules/npm/node_modules/minipass-fetch/lib/index.js:130:14)
18 verbose stack     at ClientRequest.emit (node:events:507:28)
18 verbose stack     at emitErrorEvent (node:_http_client:104:11)
18 verbose stack     at _destroy (node:_http_client:898:9)
18 verbose stack     at onSocketNT (node:_http_client:918:5)
18 verbose stack     at process.processTicksAndRejections (node:internal/process/task_queues:91:21)
19 error code ENOTFOUND
20 error syscall getaddrinfo
21 error errno ENOTFOUND
22 error network request to https://registry.npmjs.org/vite failed, reason: getaddrinfo ENOTFOUND registry.npmjs.org
23 error network This is a problem related to network connectivity.
23 error network In most cases you are behind a proxy or have bad network settings.
23 error network
23 error network If you are behind a proxy, please make sure that the
23 error network 'proxy' config is set properly.  See: 'npm help config'
24 verbose cwd /Users/Natech/Downloads/development/DailyOS
25 verbose os Darwin 22.6.0
26 verbose node v24.2.0
27 verbose npm  v11.3.0
28 verbose exit 1
29 verbose code 1
30 error A complete log of this run can be found in: /Users/Natech/Downloads/development/DailyOS/.npm-cache/_logs/2026-09-12T22_11_35_340Z-debug-0.log
