0 verbose cli /usr/local/Cellar/node/24.2.0/bin/node /usr/local/bin/npm
1 info using npm@11.3.0
2 info using node@v24.2.0
3 silly config load:file:/usr/local/Cellar/node/24.2.0/libexec/lib/node_modules/npm/npmrc
4 warn config optional Use `--omit=optional` to exclude optional dependencies, or
4 warn config `--include=optional` to include them.
4 warn config
4 warn config       Default value does install optional deps unless otherwise omitted.
5 silly config load:file:/Users/Natech/Downloads/development/DailyOS/.npmrc
6 warn Unknown user config "tmp". This will stop working in the next major version of npm.
7 silly config load:file:/usr/local/Cellar/node/24.2.0/etc/npmrc
8 verbose title npm install
9 verbose argv "install" "--no-bin-links" "--no-optional"
10 verbose logfile logs-max:10 dir:/Users/Natech/Downloads/development/DailyOS/.npm-cache/_logs/2026-09-12T21_42_57_756Z-
11 verbose logfile /Users/Natech/Downloads/development/DailyOS/.npm-cache/_logs/2026-09-12T21_42_57_756Z-debug-0.log
12 silly logfile done cleaning log files
13 silly packumentCache heap:2348810240 maxSize:587202560 maxEntrySize:293601280
14 silly idealTree buildDeps
15 silly fetch manifest @google/genai@^0.1.1
16 silly packumentCache full:https://registry.npmjs.org/@google%2fgenai cache-miss
17 http fetch GET https://registry.npmjs.org/@google%2fgenai attempt 1 failed with ENOTFOUND
18 http fetch GET https://registry.npmjs.org/@google%2fgenai attempt 2 failed with ENOTFOUND
19 http fetch GET https://registry.npmjs.org/@google%2fgenai attempt 3 failed with ENOTFOUND
20 silly fetch manifest @supabase/supabase-js@^2.48.1
21 silly packumentCache full:https://registry.npmjs.org/@supabase%2fsupabase-js cache-miss
22 http fetch GET https://registry.npmjs.org/@supabase%2fsupabase-js attempt 1 failed with ENOTFOUND
23 http fetch GET https://registry.npmjs.org/@supabase%2fsupabase-js attempt 2 failed with ENOTFOUND
24 http fetch GET https://registry.npmjs.org/@supabase%2fsupabase-js attempt 3 failed with ENOTFOUND
25 silly fetch manifest better-sqlite3@^11.8.1
26 silly packumentCache full:https://registry.npmjs.org/better-sqlite3 cache-miss
27 http fetch GET https://registry.npmjs.org/better-sqlite3 attempt 1 failed with ENOTFOUND
28 http fetch GET https://registry.npmjs.org/better-sqlite3 attempt 2 failed with ENOTFOUND
29 http fetch GET https://registry.npmjs.org/better-sqlite3 attempt 3 failed with ENOTFOUND
30 silly fetch manifest clsx@^2.1.1
31 silly packumentCache full:https://registry.npmjs.org/clsx cache-miss
32 http fetch GET https://registry.npmjs.org/clsx attempt 1 failed with ENOTFOUND
33 http fetch GET https://registry.npmjs.org/clsx attempt 2 failed with ENOTFOUND
34 http fetch GET https://registry.npmjs.org/clsx attempt 3 failed with ENOTFOUND
35 silly fetch manifest cors@^2.8.5
36 silly packumentCache full:https://registry.npmjs.org/cors cache-miss
37 http fetch GET https://registry.npmjs.org/cors attempt 1 failed with ENOTFOUND
38 http fetch GET https://registry.npmjs.org/cors attempt 2 failed with ENOTFOUND
39 http fetch GET https://registry.npmjs.org/cors attempt 3 failed with ENOTFOUND
40 silly fetch manifest dotenv@^16.4.7
41 silly packumentCache full:https://registry.npmjs.org/dotenv cache-miss
42 http fetch GET https://registry.npmjs.org/dotenv attempt 1 failed with ENOTFOUND
43 http fetch GET https://registry.npmjs.org/dotenv attempt 2 failed with ENOTFOUND
44 http fetch GET https://registry.npmjs.org/dotenv attempt 3 failed with ENOTFOUND
45 silly fetch manifest express@^4.21.2
46 silly packumentCache full:https://registry.npmjs.org/express cache-miss
47 http fetch GET https://registry.npmjs.org/express attempt 1 failed with ENOTFOUND
48 http fetch GET https://registry.npmjs.org/express attempt 2 failed with ENOTFOUND
49 http fetch GET https://registry.npmjs.org/express attempt 3 failed with ENOTFOUND
50 silly fetch manifest lucide-react@^0.475.0
51 silly packumentCache full:https://registry.npmjs.org/lucide-react cache-miss
52 http fetch GET https://registry.npmjs.org/lucide-react attempt 1 failed with ENOTFOUND
53 http fetch GET https://registry.npmjs.org/lucide-react attempt 2 failed with ENOTFOUND
54 http fetch GET https://registry.npmjs.org/lucide-react attempt 3 failed with ENOTFOUND
55 silly fetch manifest node-cron@^3.0.3
56 silly packumentCache full:https://registry.npmjs.org/node-cron cache-miss
57 http fetch GET https://registry.npmjs.org/node-cron attempt 1 failed with ENOTFOUND
58 http fetch GET https://registry.npmjs.org/node-cron attempt 2 failed with ENOTFOUND
59 http fetch GET https://registry.npmjs.org/node-cron attempt 3 failed with ENOTFOUND
60 silly fetch manifest react@^19.0.0
61 silly packumentCache full:https://registry.npmjs.org/react cache-miss
62 http fetch GET https://registry.npmjs.org/react attempt 1 failed with ENOTFOUND
63 http fetch GET https://registry.npmjs.org/react attempt 2 failed with ENOTFOUND
64 http fetch GET https://registry.npmjs.org/react attempt 3 failed with ENOTFOUND
65 silly fetch manifest react-dom@^19.0.0
66 silly packumentCache full:https://registry.npmjs.org/react-dom cache-miss
67 http fetch GET https://registry.npmjs.org/react-dom attempt 1 failed with ENOTFOUND
68 http fetch GET https://registry.npmjs.org/react-dom attempt 2 failed with ENOTFOUND
69 http fetch GET https://registry.npmjs.org/react-dom attempt 3 failed with ENOTFOUND
70 silly fetch manifest recharts@^2.15.1
71 silly packumentCache full:https://registry.npmjs.org/recharts cache-miss
72 http fetch GET https://registry.npmjs.org/recharts attempt 1 failed with ENOTFOUND
73 http fetch GET https://registry.npmjs.org/recharts attempt 2 failed with ENOTFOUND
74 http fetch GET https://registry.npmjs.org/recharts attempt 3 failed with ENOTFOUND
75 silly fetch manifest tailwind-merge@^3.0.1
76 silly packumentCache full:https://registry.npmjs.org/tailwind-merge cache-miss
77 http fetch GET https://registry.npmjs.org/tailwind-merge attempt 1 failed with ENOTFOUND
78 http fetch GET https://registry.npmjs.org/tailwind-merge attempt 2 failed with ENOTFOUND
79 http fetch GET https://registry.npmjs.org/tailwind-merge attempt 3 failed with ENOTFOUND
80 silly fetch manifest @vitejs/plugin-react@^4.3.4
81 silly packumentCache full:https://registry.npmjs.org/@vitejs%2fplugin-react cache-miss
82 http fetch GET https://registry.npmjs.org/@vitejs%2fplugin-react attempt 1 failed with ENOTFOUND
83 http fetch GET https://registry.npmjs.org/@vitejs%2fplugin-react attempt 2 failed with ENOTFOUND
84 http fetch GET https://registry.npmjs.org/@vitejs%2fplugin-react attempt 3 failed with ENOTFOUND
85 silly fetch manifest autoprefixer@^10.4.20
86 silly packumentCache full:https://registry.npmjs.org/autoprefixer cache-miss
87 http fetch GET https://registry.npmjs.org/autoprefixer attempt 1 failed with ENOTFOUND
88 http fetch GET https://registry.npmjs.org/autoprefixer attempt 2 failed with ENOTFOUND
89 http fetch GET https://registry.npmjs.org/autoprefixer attempt 3 failed with ENOTFOUND
90 silly fetch manifest nodemon@^3.1.9
91 silly packumentCache full:https://registry.npmjs.org/nodemon cache-miss
92 http fetch GET https://registry.npmjs.org/nodemon attempt 1 failed with ENOTFOUND
93 http fetch GET https://registry.npmjs.org/nodemon attempt 2 failed with ENOTFOUND
94 http fetch GET https://registry.npmjs.org/nodemon attempt 3 failed with ENOTFOUND
95 silly fetch manifest postcss@^8.5.2
96 silly packumentCache full:https://registry.npmjs.org/postcss cache-miss
97 http fetch GET https://registry.npmjs.org/postcss attempt 1 failed with ENOTFOUND
98 http fetch GET https://registry.npmjs.org/postcss attempt 2 failed with ENOTFOUND
99 http fetch GET https://registry.npmjs.org/postcss attempt 3 failed with ENOTFOUND
100 silly fetch manifest tailwindcss@^3.4.17
101 silly packumentCache full:https://registry.npmjs.org/tailwindcss cache-miss
102 http fetch GET https://registry.npmjs.org/tailwindcss attempt 1 failed with ENOTFOUND
103 http fetch GET https://registry.npmjs.org/tailwindcss attempt 2 failed with ENOTFOUND
104 http fetch GET https://registry.npmjs.org/tailwindcss attempt 3 failed with ENOTFOUND
105 silly fetch manifest vite@^6.1.0
106 silly packumentCache full:https://registry.npmjs.org/vite cache-miss
107 http fetch GET https://registry.npmjs.org/vite attempt 1 failed with ENOTFOUND
108 http fetch GET https://registry.npmjs.org/vite attempt 2 failed with ENOTFOUND
109 http fetch GET https://registry.npmjs.org/vite attempt 3 failed with ENOTFOUND
110 silly placeDep ROOT @google/genai@ OK for: daily-os@1.0.0 want: ^0.1.1
111 silly placeDep ROOT @supabase/supabase-js@ OK for: daily-os@1.0.0 want: ^2.48.1
112 silly placeDep ROOT @vitejs/plugin-react@ OK for: daily-os@1.0.0 want: ^4.3.4
113 silly placeDep ROOT autoprefixer@ OK for: daily-os@1.0.0 want: ^10.4.20
114 silly placeDep ROOT better-sqlite3@ OK for: daily-os@1.0.0 want: ^11.8.1
115 silly placeDep ROOT clsx@ OK for: daily-os@1.0.0 want: ^2.1.1
116 silly placeDep ROOT cors@ OK for: daily-os@1.0.0 want: ^2.8.5
117 silly placeDep ROOT dotenv@ OK for: daily-os@1.0.0 want: ^16.4.7
118 silly placeDep ROOT express@ OK for: daily-os@1.0.0 want: ^4.21.2
119 silly placeDep ROOT lucide-react@ OK for: daily-os@1.0.0 want: ^0.475.0
120 silly placeDep ROOT node-cron@ OK for: daily-os@1.0.0 want: ^3.0.3
121 silly placeDep ROOT nodemon@ OK for: daily-os@1.0.0 want: ^3.1.9
122 silly placeDep ROOT postcss@ OK for: daily-os@1.0.0 want: ^8.5.2
123 silly placeDep ROOT react@ OK for: daily-os@1.0.0 want: ^19.0.0
124 silly placeDep ROOT react-dom@ OK for: daily-os@1.0.0 want: ^19.0.0
125 silly placeDep ROOT recharts@ OK for: daily-os@1.0.0 want: ^2.15.1
126 silly placeDep ROOT tailwind-merge@ OK for: daily-os@1.0.0 want: ^3.0.1
127 silly placeDep ROOT tailwindcss@ OK for: daily-os@1.0.0 want: ^3.4.17
128 silly placeDep ROOT vite@ OK for: daily-os@1.0.0 want: ^6.1.0
129 verbose type system
130 verbose stack FetchError: request to https://registry.npmjs.org/@google%2fgenai failed, reason: getaddrinfo ENOTFOUND registry.npmjs.org
130 verbose stack     at ClientRequest.<anonymous> (/usr/local/Cellar/node/24.2.0/libexec/lib/node_modules/npm/node_modules/minipass-fetch/lib/index.js:130:14)
130 verbose stack     at ClientRequest.emit (node:events:507:28)
130 verbose stack     at emitErrorEvent (node:_http_client:104:11)
130 verbose stack     at _destroy (node:_http_client:898:9)
130 verbose stack     at onSocketNT (node:_http_client:918:5)
130 verbose stack     at process.processTicksAndRejections (node:internal/process/task_queues:91:21)
131 error code ENOTFOUND
132 error syscall getaddrinfo
133 error errno ENOTFOUND
134 error network request to https://registry.npmjs.org/@google%2fgenai failed, reason: getaddrinfo ENOTFOUND registry.npmjs.org
135 error network This is a problem related to network connectivity.
135 error network In most cases you are behind a proxy or have bad network settings.
135 error network
135 error network If you are behind a proxy, please make sure that the
135 error network 'proxy' config is set properly.  See: 'npm help config'
136 silly unfinished npm timer reify 1789249379320
137 silly unfinished npm timer reify:loadTrees 1789249379320
138 verbose cwd /Users/Natech/Downloads/development/DailyOS
139 verbose os Darwin 22.6.0
140 verbose node v24.2.0
141 verbose npm  v11.3.0
142 verbose exit 1
143 verbose code 1
144 error A complete log of this run can be found in: /Users/Natech/Downloads/development/DailyOS/.npm-cache/_logs/2026-09-12T21_42_57_756Z-debug-0.log
